cargo :     Checking erp-backend v0.1.0 (D:\Coding\ipig_system\backend)
位於 線路:1 字元:1
+ cargo check > errors.txt 2>&1; Get-Content -Path errors.txt | findstr ...
+ ~~~~~~~~~~~~~~~~~~~~~~~~~~~~~
    + CategoryInfo          : NotSpecified: (    Checking er...system\backend):Str 
   ing) [], RemoteException
    + FullyQualifiedErrorId : NativeCommandError
 
warning: unused import: `Router`
 --> src\main.rs:5:5
  |
5 |     Router,
  |     ^^^^^^
  |
  = note: `#[warn(unused_imports)]` (part of `#[warn(unused)]`) on by default

warning: unused import: `PigExportRecord`
  --> src\handlers\pig.rs:22:9
   |
22 |         PigExportRecord, ObservationListItem, SurgeryListItem, ImportResult,
   |         ^^^^^^^^^^^^^^^

warning: unused import: `IntoResponse`
 --> src\handlers\upload.rs:5:16
  |
5 |     response::{IntoResponse, Response},
  |                ^^^^^^^^^^^^

warning: unused import: `NaiveDate`
 --> src\models\product.rs:1:24
  |
1 | use chrono::{DateTime, NaiveDate, Utc};
  |                        ^^^^^^^^^

warning: unused import: `NaiveDate`
 --> src\services\document.rs:1:14
  |
1 | use chrono::{NaiveDate, Utc};
  |              ^^^^^^^^^

warning: unused import: `StockLedger`
 --> src\services\stock.rs:9:25
  |
9 |         StockDirection, StockLedger, StockLedgerDetail, StockLedgerQuery,
  |                         ^^^^^^^^^^^

warning: unused import: `UserProtocol`
  --> src\services\protocol.rs:11:55
   |
11 |         ReviewCommentResponse, UpdateProtocolRequest, UserProtocol, ProtocolRo
le,
   |                                                       ^^^^^^^^^^^^

warning: unused imports: `DateTime` and `Utc`
 --> src\services\notification.rs:1:14
  |
1 | use chrono::{DateTime, Utc};
  |              ^^^^^^^^  ^^^

warning: unused imports: `MarkNotificationsReadRequest` and `UnreadNotificationCoun
t`
  --> src\services\notification.rs:9:9
   |
 9 |         MarkNotificationsReadRequest, Notification, NotificationItem, Notifica
tionQuery,
   |         ^^^^^^^^^^^^^^^^^^^^^^^^^^^^
10 |         NotificationSettings, NotificationType, PaginatedResponse, ReportHisto
ry,
11 |         ScheduledReport, UnreadNotificationCount, UpdateNotificationSettingsRe
quest,
   |                          ^^^^^^^^^^^^^^^^^^^^^^^

warning: unused import: `report::ReportService`
  --> src\services\mod.rs:31:9
   |
31 | pub use report::ReportService;
   |         ^^^^^^^^^^^^^^^^^^^^^

warning: unused import: `scheduler::SchedulerService`
  --> src\services\mod.rs:34:9
   |
34 | pub use scheduler::SchedulerService;
   |         ^^^^^^^^^^^^^^^^^^^^^^^^^^^

warning: variable does not need to be mutable
   --> src\services\product.rs:134:13
    |
134 |         let mut params: Vec<String> = Vec::new();
    |             ----^^^^^^
    |             |
    |             help: remove this `mut`
    |
    = note: `#[warn(unused_mut)]` (part of `#[warn(unused)]`) on by default

error[E0599]: no method named `as_datetime` found for reference `&calamine::Data` i
n the current scope
    --> src\services\pig.rs:2137:33
     |
2137 |             if let Some(nd) = c.as_datetime() {
     |                                 ^^^^^^^^^^^ method not found in `&calamine::
Data`

error[E0282]: type annotations needed
    --> src\services\pig.rs:2138:24
     |
2138 |                 return nd.date().to_string();
     |                        ^^ cannot infer type

warning: unused variable: `existing`
   --> src\services\role.rs:132:13
    |
132 |         let existing = sqlx::query_as::<_, Role>("SELECT * FROM roles WHERE i
d = $1 AND is_active = true")
    |             ^^^^^^^^ help: if this is intentional, prefix it with an undersco
re: `_existing`
    |
    = note: `#[warn(unused_variables)]` (part of `#[warn(unused)]`) on by default

warning: unused variable: `params`
   --> src\services\product.rs:134:13
    |
134 |         let mut params: Vec<String> = Vec::new();
    |             ^^^^^^^^^^ help: if this is intentional, prefix it with an unders
core: `_params`

warning: unused variable: `query`
   --> src\services\stock.rs:345:44
    |
345 |     pub async fn get_ledger(pool: &PgPool, query: &StockLedgerQuery) -> Resul
t<Vec<StockLedgerDetail>> {
    |                                            ^^^^^ help: if this is intentional
, prefix it with an underscore: `_query`

warning: value assigned to `query_builder` is never read
   --> src\services\report.rs:169:13
    |
169 |             query_builder = query_builder.bind(cid);
    |             ^^^^^^^^^^^^^
    |
    = help: maybe it is overwritten before being read?
    = note: `#[warn(unused_assignments)]` (part of `#[warn(unused)]`) on by default

warning: unused variable: `query`
   --> src\services\report.rs:217:46
    |
217 |     pub async fn stock_ledger(pool: &PgPool, query: &ReportQuery) -> Result<V
ec<StockLedgerReport>> {
    |                                              ^^^^^ help: if this is intention
al, prefix it with an underscore: `_query`

warning: unused variable: `query`
   --> src\services\report.rs:247:48
    |
247 |     pub async fn purchase_lines(pool: &PgPool, query: &ReportQuery) -> Result
<Vec<PurchaseLinesReport>> {
    |                                                ^^^^^ help: if this is intenti
onal, prefix it with an underscore: `_query`

warning: unused variable: `query`
   --> src\services\report.rs:284:45
    |
284 |     pub async fn sales_lines(pool: &PgPool, query: &ReportQuery) -> Result<Ve
c<SalesLinesReport>> {
    |                                             ^^^^^ help: if this is intentiona
l, prefix it with an underscore: `_query`

warning: unused variable: `query`
   --> src\services\report.rs:321:46
    |
321 |     pub async fn cost_summary(pool: &PgPool, query: &ReportQuery) -> Result<V
ec<CostSummaryReport>> {
    |                                              ^^^^^ help: if this is intention
al, prefix it with an underscore: `_query`

warning: unused variable: `user_id`
  --> src\services\scheduler.rs:98:14
   |
98 |         for (user_id, email, name) in users {
   |              ^^^^^^^ help: if this is intentional, prefix it with an underscor
e: `_user_id`

warning: unused variable: `user_id`
   --> src\services\scheduler.rs:156:14
    |
156 |         for (user_id, email, name) in users {
    |              ^^^^^^^ help: if this is intentional, prefix it with an undersco
re: `_user_id`

warning: unused variable: `animals_section`
   --> src\services\protocol.rs:249:21
    |
249 |         if let Some(animals_section) = content.get("animals") {
    |                     ^^^^^^^^^^^^^^^ help: if this is intentional, prefix it w
ith an underscore: `_animals_section`

warning: variable does not need to be mutable
    --> src\services\pig.rs:1952:13
     |
1952 |         let mut cursor = Cursor::new(file_data);
     |             ----^^^^^^
     |             |
     |             help: remove this `mut`

warning: unused variable: `row_idx`
    --> src\services\pig.rs:1972:14
     |
1972 |         for (row_idx, row) in iter.enumerate() {
     |              ^^^^^^^ help: if this is intentional, prefix it with an undersc
ore: `_row_idx`

warning: variable does not need to be mutable
    --> src\services\pig.rs:2058:13
     |
2058 |         let mut cursor = Cursor::new(file_data);
     |             ----^^^^^^
     |             |
     |             help: remove this `mut`

warning: unused variable: `pig_id`
   --> src\services\notification.rs:295:9
    |
295 |         pig_id: i32,
    |         ^^^^^^ help: if this is intentional, prefix it with an underscore: `_
pig_id`

warning: unused variable: `iacuc`
   --> src\services\notification.rs:302:53
    |
302 |         let staff_users: Vec<(Uuid,)> = if let Some(iacuc) = iacuc_no {
    |                                                     ^^^^^ help: if this is in
tentional, prefix it with an underscore: `_iacuc`

Some errors have detailed explanations: E0282, E0599.
For more information about an error, try `rustc --explain E0282`.
warning: `erp-backend` (bin "erp-backend") generated 28 warnings
error: could not compile `erp-backend` (bin "erp-backend") due to 2 previous errors
; 28 warnings emitted
